// Jest Snapshot v1, https://goo.gl/fbAQLP

exports[`Header component renders Header 1`] = `
<DocumentFragment>
  <header
    class="Header"
  >
    <div
      class="heading"
    >
      <h2>
        Postman
      </h2>
    </div>
    <div
      class="NavigationBar"
    >
      <a
        href="/"
      >
        <div
          class="navButton"
        >
          home
        </div>
      </a>
      <a
        href="/history"
      >
        <div
          class="navButton"
        >
          history
        </div>
      </a>
    </div>
  </header>
</DocumentFragment>
`;
